Last login: Tue May 17 02:01:21 on ttys002
You have new mail.
(base) manideepbangaru@Manideeps-MacBook-Pro ~ % ls
Applications		Google Drive		NeuralNetsSavedModels	Samsung			nltk_data
Desktop			Library			Pictures		W686EEBC80BB0204FA	opt
Documents		Movies			Public			bin			output.txt
Downloads		Music			PycharmProjects		iCloud Drive (Archive)	seaborn-data
(base) manideepbangaru@Manideeps-MacBook-Pro ~ % /usr/local/mysql/bin/mysql -u root -p
Enter password: 
Welcome to the MySQL monitor.  Commands end with ; or \g.
Your MySQL connection id is 8
Server version: 8.0.29 MySQL Community Server - GPL

Copyright (c) 2000, 2022, Oracle and/or its affiliates.

Oracle is a registered trademark of Oracle Corporation and/or its
affiliates. Other names may be trademarks of their respective
owners.

Type 'help;' or '\h' for help. Type '\c' to clear the current input statement.

mysql> show databases;
+--------------------+
| Database           |
+--------------------+
| information_schema |
| mysql              |
| performance_schema |
| sys                |
+--------------------+
4 rows in set (0.02 sec)

mysql> show databases;
+--------------------+
| Database           |
+--------------------+
| information_schema |
| mysql              |
| performance_schema |
| sys                |
| teamalpha          |
+--------------------+
5 rows in set (0.00 sec)

mysql> use teamalpha;
Reading table information for completion of table and column names
You can turn off this feature to get a quicker startup with -A

Database changed
mysql> show tables;
+---------------------+
| Tables_in_teamalpha |
+---------------------+
| teamalph_a          |
+---------------------+
1 row in set (0.00 sec)

mysql> select * from teamalpha_a
    -> ;
ERROR 1146 (42S02): Table 'teamalpha.teamalpha_a' doesn't exist
mysql> select * from teamalpha_a;
ERROR 1146 (42S02): Table 'teamalpha.teamalpha_a' doesn't exist
mysql> INSERT INTO table_name
    -> 
    -> ;
ERROR 1064 (42000): You have an error in your SQL syntax; check the manual that corresponds to your MySQL server version for the right syntax to use near '' at line 1
mysql> select * from teamalph_a
    -> ;
Empty set (0.00 sec)

mysql> delete table teamalph_a;
ERROR 1064 (42000): You have an error in your SQL syntax; check the manual that corresponds to your MySQL server version for the right syntax to use near 'table teamalph_a' at line 1
mysql> show tables;
+---------------------+
| Tables_in_teamalpha |
+---------------------+
| teamalph_a          |
+---------------------+
1 row in set (0.00 sec)

mysql> exit teamalph_a;
ERROR 1064 (42000): You have an error in your SQL syntax; check the manual that corresponds to your MySQL server version for the right syntax to use near 'exit teamalph_a' at line 1
mysql> INSERT INTO teamalph_a VALUES ("Manideep
    "> ","25");
Query OK, 1 row affected (0.00 sec)

mysql> select * from teamalph_a
    -> ;
+-----------+------+
| Name      | Age  |
+-----------+------+
| Manideep
 |   25 |
+-----------+------+
1 row in set (0.00 sec)

mysql> select Age from teamalph_a;
+------+
| Age  |
+------+
|   25 |
+------+
1 row in set (0.00 sec)

mysql> select Age from teamalph_a;
+------+
| Age  |
+------+
|   25 |
+------+
1 row in set (0.00 sec)

mysql> select * from teamalph_a;
+-----------+------+
| Name      | Age  |
+-----------+------+
| Manideep
 |   25 |
+-----------+------+
1 row in set (0.00 sec)

mysql> select * from teamalph_a;
+-----------+------+
| Name      | Age  |
+-----------+------+
| Manideep
 |   25 |
+-----------+------+
1 row in set (0.00 sec)

mysql> show tables
    -> ;
+---------------------+
| Tables_in_teamalpha |
+---------------------+
| teamalph_a          |
+---------------------+
1 row in set (0.00 sec)

mysql> select * from teamalph_a;
+-----------+------+
| Name      | Age  |
+-----------+------+
| Manideep
 |   25 |
+-----------+------+
1 row in set (0.00 sec)

mysql> select * from teamalph_a;
+-----------+------+
| Name      | Age  |
+-----------+------+
| Manideep
 |   25 |
+-----------+------+
1 row in set (0.00 sec)

mysql> select * from teamalph_a;
+-----------+------+
| Name      | Age  |
+-----------+------+
| Manideep
 |   25 |
| mani      |   23 |
+-----------+------+
2 rows in set (0.00 sec)

mysql> select * from teamalph_a;
+------------------+------+
| Name             | Age  |
+------------------+------+
| Manideep
        |   25 |
| mani             |   23 |
| Mani             |   20 |
| Manideep Bangaru |   20 |
+------------------+------+
4 rows in set (0.00 sec)

mysql> ^C
mysql> exit
Bye
(base) manideepbangaru@Manideeps-MacBook-Pro ~ %   
